<?xml version="1.0" encoding="UTF-8"?>
<TestRun id="445b14e1-cfe1-4f71-815b-69ace04bd8d0" name="jin@JIN-PC 2011-05-15 18:21:31" runUser="jin-PC\jin" xmlns="http://microsoft.com/schemas/VisualStudio/TeamTest/2010">
  <TestSettings name="默认测试设置" id="6af3c119-cc12-4dd8-9e22-9cfd40914caf">
    <Deployment runDeploymentRoot="jin_JIN-PC 2011-05-15 18_21_31">
      <DeploymentItem filename="D:\Work\q-front\front\bin\front.dll" />
    </Deployment>
    <Execution>
      <TestTypeSpecific />
      <AgentRule name="Execution Agents">
      </AgentRule>
    </Execution>
  </TestSettings>
  <Times creation="2011-05-15T18:21:31.3424989+08:00" queuing="2011-05-15T18:21:31.5535109+08:00" start="2011-05-15T18:21:31.6105142+08:00" finish="2011-05-15T18:21:32.3705577+08:00" />
  <ResultSummary outcome="Completed">
    <Counters total="18" executed="18" passed="18" error="0" failed="0" timeout="0" aborted="0" inconclusive="0" passedButRunAborted="0" notRunnable="0" notExecuted="0" disconnected="0" warning="0" completed="0" inProgress="0" pending="0" />
  </ResultSummary>
  <TestDefinitions>
    <UnitTest name="Register_Post_ReturnsViewIfModelStateIsInvalid" storage="d:\work\q-front\front.tests\bin\debug\front.tests.dll" id="c1ccba7f-14e9-ef74-5a26-b6ae986d4370">
      <Execution id="9d18b7f6-a1cc-4f74-80e7-7e67e19b4e4f" />
      <TestMethod codeBase="D:/Work/q-front/front.Tests/bin/Debug/front.Tests.DLL" adapterTypeName="Microsoft.VisualStudio.TestTools.TestTypes.Unit.UnitTestAdapter, Microsoft.VisualStudio.QualityTools.Tips.UnitTest.Adapter, Version=10.0.0.0, Culture=neutral, PublicKeyToken=b03f5f7f11d50a3a" className="front.Tests.Controllers.AccountControllerTest, front.Tests, Version=1.0.0.0, Culture=neutral, PublicKeyToken=null" name="Register_Post_ReturnsViewIfModelStateIsInvalid" />
    </UnitTest>
    <UnitTest name="ChangePassword_Post_ReturnsViewIfModelStateIsInvalid" storage="d:\work\q-front\front.tests\bin\debug\front.tests.dll" id="d130e03e-2b48-21cf-59b2-b4ccd68913c0">
      <Execution id="15246805-96b4-4dfc-89ff-3e2a479fba6a" />
      <TestMethod codeBase="D:/Work/q-front/front.Tests/bin/Debug/front.Tests.DLL" adapterTypeName="Microsoft.VisualStudio.TestTools.TestTypes.Unit.UnitTestAdapter, Microsoft.VisualStudio.QualityTools.Tips.UnitTest.Adapter, Version=10.0.0.0, Culture=neutral, PublicKeyToken=b03f5f7f11d50a3a" className="front.Tests.Controllers.AccountControllerTest, front.Tests, Version=1.0.0.0, Culture=neutral, PublicKeyToken=null" name="ChangePassword_Post_ReturnsViewIfModelStateIsInvalid" />
    </UnitTest>
    <UnitTest name="LogOn_Post_ReturnsViewIfModelStateIsInvalid" storage="d:\work\q-front\front.tests\bin\debug\front.tests.dll" id="3ca350b5-3367-a6b3-7497-118a93738020">
      <Execution id="c968796c-3662-479e-95ad-5707cb06dbe2" />
      <TestMethod codeBase="D:/Work/q-front/front.Tests/bin/Debug/front.Tests.DLL" adapterTypeName="Microsoft.VisualStudio.TestTools.TestTypes.Unit.UnitTestAdapter, Microsoft.VisualStudio.QualityTools.Tips.UnitTest.Adapter, Version=10.0.0.0, Culture=neutral, PublicKeyToken=b03f5f7f11d50a3a" className="front.Tests.Controllers.AccountControllerTest, front.Tests, Version=1.0.0.0, Culture=neutral, PublicKeyToken=null" name="LogOn_Post_ReturnsViewIfModelStateIsInvalid" />
    </UnitTest>
    <UnitTest name="LogOn_Get_ReturnsView" storage="d:\work\q-front\front.tests\bin\debug\front.tests.dll" id="3822f62c-e512-a3cc-5ea0-57b37281ab41">
      <Execution id="8a0bb65b-554e-4432-bca7-2365b18e6715" />
      <TestMethod codeBase="D:/Work/q-front/front.Tests/bin/Debug/front.Tests.DLL" adapterTypeName="Microsoft.VisualStudio.TestTools.TestTypes.Unit.UnitTestAdapter, Microsoft.VisualStudio.QualityTools.Tips.UnitTest.Adapter, Version=10.0.0.0, Culture=neutral, PublicKeyToken=b03f5f7f11d50a3a" className="front.Tests.Controllers.AccountControllerTest, front.Tests, Version=1.0.0.0, Culture=neutral, PublicKeyToken=null" name="LogOn_Get_ReturnsView" />
    </UnitTest>
    <UnitTest name="LogOff_LogsOutAndRedirects" storage="d:\work\q-front\front.tests\bin\debug\front.tests.dll" id="553553e7-a922-03b2-18f7-03c30a441029">
      <Execution id="e76d3136-a16f-4c40-92e5-c577de716880" />
      <TestMethod codeBase="D:/Work/q-front/front.Tests/bin/Debug/front.Tests.DLL" adapterTypeName="Microsoft.VisualStudio.TestTools.TestTypes.Unit.UnitTestAdapter, Microsoft.VisualStudio.QualityTools.Tips.UnitTest.Adapter, Version=10.0.0.0, Culture=neutral, PublicKeyToken=b03f5f7f11d50a3a" className="front.Tests.Controllers.AccountControllerTest, front.Tests, Version=1.0.0.0, Culture=neutral, PublicKeyToken=null" name="LogOff_LogsOutAndRedirects" />
    </UnitTest>
    <UnitTest name="LogOn_Post_ReturnsRedirectOnSuccess_WithLocalReturnUrl" storage="d:\work\q-front\front.tests\bin\debug\front.tests.dll" id="03b5dce2-b629-0795-09cd-2c6099ee33a2">
      <Execution id="acf7fb8f-dda3-4349-af15-235019ee2310" />
      <TestMethod codeBase="D:/Work/q-front/front.Tests/bin/Debug/front.Tests.DLL" adapterTypeName="Microsoft.VisualStudio.TestTools.TestTypes.Unit.UnitTestAdapter, Microsoft.VisualStudio.QualityTools.Tips.UnitTest.Adapter, Version=10.0.0.0, Culture=neutral, PublicKeyToken=b03f5f7f11d50a3a" className="front.Tests.Controllers.AccountControllerTest, front.Tests, Version=1.0.0.0, Culture=neutral, PublicKeyToken=null" name="LogOn_Post_ReturnsRedirectOnSuccess_WithLocalReturnUrl" />
    </UnitTest>
    <UnitTest name="About" storage="d:\work\q-front\front.tests\bin\debug\front.tests.dll" id="c7f0f505-82bb-c6f8-a754-b13dc3616d46">
      <Execution id="c7685f0e-fb91-4828-b403-c3f2a1e89fa7" />
      <TestMethod codeBase="D:/Work/q-front/front.Tests/bin/Debug/front.Tests.DLL" adapterTypeName="Microsoft.VisualStudio.TestTools.TestTypes.Unit.UnitTestAdapter, Microsoft.VisualStudio.QualityTools.Tips.UnitTest.Adapter, Version=10.0.0.0, Culture=neutral, PublicKeyToken=b03f5f7f11d50a3a" className="front.Tests.Controllers.HomeControllerTest, front.Tests, Version=1.0.0.0, Culture=neutral, PublicKeyToken=null" name="About" />
    </UnitTest>
    <UnitTest name="Register_Post_ReturnsViewIfRegistrationFails" storage="d:\work\q-front\front.tests\bin\debug\front.tests.dll" id="2d5bac03-8fa4-616f-e3e4-f553a9368aec">
      <Execution id="3a16486b-0e0d-4743-8f0b-6e54c53e226f" />
      <TestMethod codeBase="D:/Work/q-front/front.Tests/bin/Debug/front.Tests.DLL" adapterTypeName="Microsoft.VisualStudio.TestTools.TestTypes.Unit.UnitTestAdapter, Microsoft.VisualStudio.QualityTools.Tips.UnitTest.Adapter, Version=10.0.0.0, Culture=neutral, PublicKeyToken=b03f5f7f11d50a3a" className="front.Tests.Controllers.AccountControllerTest, front.Tests, Version=1.0.0.0, Culture=neutral, PublicKeyToken=null" name="Register_Post_ReturnsViewIfRegistrationFails" />
    </UnitTest>
    <UnitTest name="Register_Post_ReturnsRedirectOnSuccess" storage="d:\work\q-front\front.tests\bin\debug\front.tests.dll" id="f2853f48-bd65-b1f5-5f39-0e6bcd7f5aa2">
      <Execution id="5f52f50c-acdd-45b4-b072-5e6e5001256e" />
      <TestMethod codeBase="D:/Work/q-front/front.Tests/bin/Debug/front.Tests.DLL" adapterTypeName="Microsoft.VisualStudio.TestTools.TestTypes.Unit.UnitTestAdapter, Microsoft.VisualStudio.QualityTools.Tips.UnitTest.Adapter, Version=10.0.0.0, Culture=neutral, PublicKeyToken=b03f5f7f11d50a3a" className="front.Tests.Controllers.AccountControllerTest, front.Tests, Version=1.0.0.0, Culture=neutral, PublicKeyToken=null" name="Register_Post_ReturnsRedirectOnSuccess" />
    </UnitTest>
    <UnitTest name="LogOn_Post_ReturnsRedirectToHomeOnSuccess_WithExternalReturnUrl" storage="d:\work\q-front\front.tests\bin\debug\front.tests.dll" id="b41ea179-d4cf-d4af-a169-03ed095b4585">
      <Execution id="ab80a47b-e2d9-4131-950b-3c3ddd17529f" />
      <TestMethod codeBase="D:/Work/q-front/front.Tests/bin/Debug/front.Tests.DLL" adapterTypeName="Microsoft.VisualStudio.TestTools.TestTypes.Unit.UnitTestAdapter, Microsoft.VisualStudio.QualityTools.Tips.UnitTest.Adapter, Version=10.0.0.0, Culture=neutral, PublicKeyToken=b03f5f7f11d50a3a" className="front.Tests.Controllers.AccountControllerTest, front.Tests, Version=1.0.0.0, Culture=neutral, PublicKeyToken=null" name="LogOn_Post_ReturnsRedirectToHomeOnSuccess_WithExternalReturnUrl" />
    </UnitTest>
    <UnitTest name="Index" storage="d:\work\q-front\front.tests\bin\debug\front.tests.dll" id="c0f0d6e0-c181-8eb6-9a36-950751c100d2">
      <Execution id="d09c6830-6ec6-448e-a42a-ad90ae1b2aa3" />
      <TestMethod codeBase="D:/Work/q-front/front.Tests/bin/Debug/front.Tests.DLL" adapterTypeName="Microsoft.VisualStudio.TestTools.TestTypes.Unit.UnitTestAdapter, Microsoft.VisualStudio.QualityTools.Tips.UnitTest.Adapter, Version=10.0.0.0, Culture=neutral, PublicKeyToken=b03f5f7f11d50a3a" className="front.Tests.Controllers.HomeControllerTest, front.Tests, Version=1.0.0.0, Culture=neutral, PublicKeyToken=null" name="Index" />
    </UnitTest>
    <UnitTest name="ChangePassword_Get_ReturnsView" storage="d:\work\q-front\front.tests\bin\debug\front.tests.dll" id="dbe6b432-1bf0-f831-5db0-30fa7bef9eb0">
      <Execution id="40e927aa-5f95-48a6-a4f9-f3fbfc31bea2" />
      <TestMethod codeBase="D:/Work/q-front/front.Tests/bin/Debug/front.Tests.DLL" adapterTypeName="Microsoft.VisualStudio.TestTools.TestTypes.Unit.UnitTestAdapter, Microsoft.VisualStudio.QualityTools.Tips.UnitTest.Adapter, Version=10.0.0.0, Culture=neutral, PublicKeyToken=b03f5f7f11d50a3a" className="front.Tests.Controllers.AccountControllerTest, front.Tests, Version=1.0.0.0, Culture=neutral, PublicKeyToken=null" name="ChangePassword_Get_ReturnsView" />
    </UnitTest>
    <UnitTest name="LogOn_Post_ReturnsRedirectOnSuccess_WithoutReturnUrl" storage="d:\work\q-front\front.tests\bin\debug\front.tests.dll" id="4c229974-b6eb-03fb-5509-c34854e5b3f1">
      <Execution id="cd1ca340-b0be-4511-b99e-8521d53cfdff" />
      <TestMethod codeBase="D:/Work/q-front/front.Tests/bin/Debug/front.Tests.DLL" adapterTypeName="Microsoft.VisualStudio.TestTools.TestTypes.Unit.UnitTestAdapter, Microsoft.VisualStudio.QualityTools.Tips.UnitTest.Adapter, Version=10.0.0.0, Culture=neutral, PublicKeyToken=b03f5f7f11d50a3a" className="front.Tests.Controllers.AccountControllerTest, front.Tests, Version=1.0.0.0, Culture=neutral, PublicKeyToken=null" name="LogOn_Post_ReturnsRedirectOnSuccess_WithoutReturnUrl" />
    </UnitTest>
    <UnitTest name="ChangePassword_Post_ReturnsRedirectOnSuccess" storage="d:\work\q-front\front.tests\bin\debug\front.tests.dll" id="fa39214a-9535-5d55-2ca7-fd532a75e250">
      <Execution id="51b936e7-1236-4c29-b313-2e74261141e8" />
      <TestMethod codeBase="D:/Work/q-front/front.Tests/bin/Debug/front.Tests.DLL" adapterTypeName="Microsoft.VisualStudio.TestTools.TestTypes.Unit.UnitTestAdapter, Microsoft.VisualStudio.QualityTools.Tips.UnitTest.Adapter, Version=10.0.0.0, Culture=neutral, PublicKeyToken=b03f5f7f11d50a3a" className="front.Tests.Controllers.AccountControllerTest, front.Tests, Version=1.0.0.0, Culture=neutral, PublicKeyToken=null" name="ChangePassword_Post_ReturnsRedirectOnSuccess" />
    </UnitTest>
    <UnitTest name="ChangePassword_Post_ReturnsViewIfChangePasswordFails" storage="d:\work\q-front\front.tests\bin\debug\front.tests.dll" id="4288f9eb-08a1-e489-90ee-f9db27c750e8">
      <Execution id="63726fe8-f981-4733-8705-388353a8ed29" />
      <TestMethod codeBase="D:/Work/q-front/front.Tests/bin/Debug/front.Tests.DLL" adapterTypeName="Microsoft.VisualStudio.TestTools.TestTypes.Unit.UnitTestAdapter, Microsoft.VisualStudio.QualityTools.Tips.UnitTest.Adapter, Version=10.0.0.0, Culture=neutral, PublicKeyToken=b03f5f7f11d50a3a" className="front.Tests.Controllers.AccountControllerTest, front.Tests, Version=1.0.0.0, Culture=neutral, PublicKeyToken=null" name="ChangePassword_Post_ReturnsViewIfChangePasswordFails" />
    </UnitTest>
    <UnitTest name="ChangePasswordSuccess_ReturnsView" storage="d:\work\q-front\front.tests\bin\debug\front.tests.dll" id="d8af1da6-c45c-f572-47b7-7445b549dbce">
      <Execution id="f48c608c-3a42-400f-9675-2afe643d90fb" />
      <TestMethod codeBase="D:/Work/q-front/front.Tests/bin/Debug/front.Tests.DLL" adapterTypeName="Microsoft.VisualStudio.TestTools.TestTypes.Unit.UnitTestAdapter, Microsoft.VisualStudio.QualityTools.Tips.UnitTest.Adapter, Version=10.0.0.0, Culture=neutral, PublicKeyToken=b03f5f7f11d50a3a" className="front.Tests.Controllers.AccountControllerTest, front.Tests, Version=1.0.0.0, Culture=neutral, PublicKeyToken=null" name="ChangePasswordSuccess_ReturnsView" />
    </UnitTest>
    <UnitTest name="Register_Get_ReturnsView" storage="d:\work\q-front\front.tests\bin\debug\front.tests.dll" id="3bd78902-4666-275a-79fe-515f59371076">
      <Execution id="c1f17c47-1d45-475c-8a38-1b8914bc9b44" />
      <TestMethod codeBase="D:/Work/q-front/front.Tests/bin/Debug/front.Tests.DLL" adapterTypeName="Microsoft.VisualStudio.TestTools.TestTypes.Unit.UnitTestAdapter, Microsoft.VisualStudio.QualityTools.Tips.UnitTest.Adapter, Version=10.0.0.0, Culture=neutral, PublicKeyToken=b03f5f7f11d50a3a" className="front.Tests.Controllers.AccountControllerTest, front.Tests, Version=1.0.0.0, Culture=neutral, PublicKeyToken=null" name="Register_Get_ReturnsView" />
    </UnitTest>
    <UnitTest name="LogOn_Post_ReturnsViewIfValidateUserFails" storage="d:\work\q-front\front.tests\bin\debug\front.tests.dll" id="d27d6701-395e-e1b2-068d-f4d8fa147db3">
      <Execution id="d1e29bbe-5bea-46db-a709-aad2d70e32ff" />
      <TestMethod codeBase="D:/Work/q-front/front.Tests/bin/Debug/front.Tests.DLL" adapterTypeName="Microsoft.VisualStudio.TestTools.TestTypes.Unit.UnitTestAdapter, Microsoft.VisualStudio.QualityTools.Tips.UnitTest.Adapter, Version=10.0.0.0, Culture=neutral, PublicKeyToken=b03f5f7f11d50a3a" className="front.Tests.Controllers.AccountControllerTest, front.Tests, Version=1.0.0.0, Culture=neutral, PublicKeyToken=null" name="LogOn_Post_ReturnsViewIfValidateUserFails" />
    </UnitTest>
  </TestDefinitions>
  <TestLists>
    <TestList name="列表中未列出的结果" id="8c84fa94-04c1-424b-9868-57a2d4851a1d" />
    <TestList name="所有已加载的结果" id="19431567-8539-422a-85d7-44ee4e166bda" />
  </TestLists>
  <TestEntries>
    <TestEntry testId="dbe6b432-1bf0-f831-5db0-30fa7bef9eb0" executionId="40e927aa-5f95-48a6-a4f9-f3fbfc31bea2" testListId="8c84fa94-04c1-424b-9868-57a2d4851a1d" />
    <TestEntry testId="fa39214a-9535-5d55-2ca7-fd532a75e250" executionId="51b936e7-1236-4c29-b313-2e74261141e8" testListId="8c84fa94-04c1-424b-9868-57a2d4851a1d" />
    <TestEntry testId="4288f9eb-08a1-e489-90ee-f9db27c750e8" executionId="63726fe8-f981-4733-8705-388353a8ed29" testListId="8c84fa94-04c1-424b-9868-57a2d4851a1d" />
    <TestEntry testId="d130e03e-2b48-21cf-59b2-b4ccd68913c0" executionId="15246805-96b4-4dfc-89ff-3e2a479fba6a" testListId="8c84fa94-04c1-424b-9868-57a2d4851a1d" />
    <TestEntry testId="d8af1da6-c45c-f572-47b7-7445b549dbce" executionId="f48c608c-3a42-400f-9675-2afe643d90fb" testListId="8c84fa94-04c1-424b-9868-57a2d4851a1d" />
    <TestEntry testId="553553e7-a922-03b2-18f7-03c30a441029" executionId="e76d3136-a16f-4c40-92e5-c577de716880" testListId="8c84fa94-04c1-424b-9868-57a2d4851a1d" />
    <TestEntry testId="3822f62c-e512-a3cc-5ea0-57b37281ab41" executionId="8a0bb65b-554e-4432-bca7-2365b18e6715" testListId="8c84fa94-04c1-424b-9868-57a2d4851a1d" />
    <TestEntry testId="4c229974-b6eb-03fb-5509-c34854e5b3f1" executionId="cd1ca340-b0be-4511-b99e-8521d53cfdff" testListId="8c84fa94-04c1-424b-9868-57a2d4851a1d" />
    <TestEntry testId="03b5dce2-b629-0795-09cd-2c6099ee33a2" executionId="acf7fb8f-dda3-4349-af15-235019ee2310" testListId="8c84fa94-04c1-424b-9868-57a2d4851a1d" />
    <TestEntry testId="b41ea179-d4cf-d4af-a169-03ed095b4585" executionId="ab80a47b-e2d9-4131-950b-3c3ddd17529f" testListId="8c84fa94-04c1-424b-9868-57a2d4851a1d" />
    <TestEntry testId="3ca350b5-3367-a6b3-7497-118a93738020" executionId="c968796c-3662-479e-95ad-5707cb06dbe2" testListId="8c84fa94-04c1-424b-9868-57a2d4851a1d" />
    <TestEntry testId="d27d6701-395e-e1b2-068d-f4d8fa147db3" executionId="d1e29bbe-5bea-46db-a709-aad2d70e32ff" testListId="8c84fa94-04c1-424b-9868-57a2d4851a1d" />
    <TestEntry testId="3bd78902-4666-275a-79fe-515f59371076" executionId="c1f17c47-1d45-475c-8a38-1b8914bc9b44" testListId="8c84fa94-04c1-424b-9868-57a2d4851a1d" />
    <TestEntry testId="f2853f48-bd65-b1f5-5f39-0e6bcd7f5aa2" executionId="5f52f50c-acdd-45b4-b072-5e6e5001256e" testListId="8c84fa94-04c1-424b-9868-57a2d4851a1d" />
    <TestEntry testId="2d5bac03-8fa4-616f-e3e4-f553a9368aec" executionId="3a16486b-0e0d-4743-8f0b-6e54c53e226f" testListId="8c84fa94-04c1-424b-9868-57a2d4851a1d" />
    <TestEntry testId="c1ccba7f-14e9-ef74-5a26-b6ae986d4370" executionId="9d18b7f6-a1cc-4f74-80e7-7e67e19b4e4f" testListId="8c84fa94-04c1-424b-9868-57a2d4851a1d" />
    <TestEntry testId="c0f0d6e0-c181-8eb6-9a36-950751c100d2" executionId="d09c6830-6ec6-448e-a42a-ad90ae1b2aa3" testListId="8c84fa94-04c1-424b-9868-57a2d4851a1d" />
    <TestEntry testId="c7f0f505-82bb-c6f8-a754-b13dc3616d46" executionId="c7685f0e-fb91-4828-b403-c3f2a1e89fa7" testListId="8c84fa94-04c1-424b-9868-57a2d4851a1d" />
  </TestEntries>
  <Results>
    <UnitTestResult executionId="40e927aa-5f95-48a6-a4f9-f3fbfc31bea2" testId="dbe6b432-1bf0-f831-5db0-30fa7bef9eb0" testName="ChangePassword_Get_ReturnsView" computerName="JIN-PC" duration="00:00:00.0435338" startTime="2011-05-15T18:21:31.6345156+08:00" endTime="2011-05-15T18:21:32.1685461+08:00" testType="13cdc9d9-ddb5-4fa4-a97d-d965ccfc6d4b" outcome="Passed" testListId="8c84fa94-04c1-424b-9868-57a2d4851a1d" relativeResultsDirectory="40e927aa-5f95-48a6-a4f9-f3fbfc31bea2">
    </UnitTestResult>
    <UnitTestResult executionId="51b936e7-1236-4c29-b313-2e74261141e8" testId="fa39214a-9535-5d55-2ca7-fd532a75e250" testName="ChangePassword_Post_ReturnsRedirectOnSuccess" computerName="JIN-PC" duration="00:00:00.0024240" startTime="2011-05-15T18:21:32.1735464+08:00" endTime="2011-05-15T18:21:32.1795467+08:00" testType="13cdc9d9-ddb5-4fa4-a97d-d965ccfc6d4b" outcome="Passed" testListId="8c84fa94-04c1-424b-9868-57a2d4851a1d" relativeResultsDirectory="51b936e7-1236-4c29-b313-2e74261141e8">
    </UnitTestResult>
    <UnitTestResult executionId="63726fe8-f981-4733-8705-388353a8ed29" testId="4288f9eb-08a1-e489-90ee-f9db27c750e8" testName="ChangePassword_Post_ReturnsViewIfChangePasswordFails" computerName="JIN-PC" duration="00:00:00.0027702" startTime="2011-05-15T18:21:32.1825469+08:00" endTime="2011-05-15T18:21:32.1885473+08:00" testType="13cdc9d9-ddb5-4fa4-a97d-d965ccfc6d4b" outcome="Passed" testListId="8c84fa94-04c1-424b-9868-57a2d4851a1d" relativeResultsDirectory="63726fe8-f981-4733-8705-388353a8ed29">
    </UnitTestResult>
    <UnitTestResult executionId="15246805-96b4-4dfc-89ff-3e2a479fba6a" testId="d130e03e-2b48-21cf-59b2-b4ccd68913c0" testName="ChangePassword_Post_ReturnsViewIfModelStateIsInvalid" computerName="JIN-PC" duration="00:00:00.0004778" startTime="2011-05-15T18:21:32.1925475+08:00" endTime="2011-05-15T18:21:32.1965477+08:00" testType="13cdc9d9-ddb5-4fa4-a97d-d965ccfc6d4b" outcome="Passed" testListId="8c84fa94-04c1-424b-9868-57a2d4851a1d" relativeResultsDirectory="15246805-96b4-4dfc-89ff-3e2a479fba6a">
    </UnitTestResult>
    <UnitTestResult executionId="f48c608c-3a42-400f-9675-2afe643d90fb" testId="d8af1da6-c45c-f572-47b7-7445b549dbce" testName="ChangePasswordSuccess_ReturnsView" computerName="JIN-PC" duration="00:00:00.0003728" startTime="2011-05-15T18:21:32.2005479+08:00" endTime="2011-05-15T18:21:32.2065483+08:00" testType="13cdc9d9-ddb5-4fa4-a97d-d965ccfc6d4b" outcome="Passed" testListId="8c84fa94-04c1-424b-9868-57a2d4851a1d" relativeResultsDirectory="f48c608c-3a42-400f-9675-2afe643d90fb">
    </UnitTestResult>
    <UnitTestResult executionId="e76d3136-a16f-4c40-92e5-c577de716880" testId="553553e7-a922-03b2-18f7-03c30a441029" testName="LogOff_LogsOutAndRedirects" computerName="JIN-PC" duration="00:00:00.0017068" startTime="2011-05-15T18:21:32.2095485+08:00" endTime="2011-05-15T18:21:32.2185490+08:00" testType="13cdc9d9-ddb5-4fa4-a97d-d965ccfc6d4b" outcome="Passed" testListId="8c84fa94-04c1-424b-9868-57a2d4851a1d" relativeResultsDirectory="e76d3136-a16f-4c40-92e5-c577de716880">
    </UnitTestResult>
    <UnitTestResult executionId="8a0bb65b-554e-4432-bca7-2365b18e6715" testId="3822f62c-e512-a3cc-5ea0-57b37281ab41" testName="LogOn_Get_ReturnsView" computerName="JIN-PC" duration="00:00:00.0004428" startTime="2011-05-15T18:21:32.2225492+08:00" endTime="2011-05-15T18:21:32.2275495+08:00" testType="13cdc9d9-ddb5-4fa4-a97d-d965ccfc6d4b" outcome="Passed" testListId="8c84fa94-04c1-424b-9868-57a2d4851a1d" relativeResultsDirectory="8a0bb65b-554e-4432-bca7-2365b18e6715">
    </UnitTestResult>
    <UnitTestResult executionId="cd1ca340-b0be-4511-b99e-8521d53cfdff" testId="4c229974-b6eb-03fb-5509-c34854e5b3f1" testName="LogOn_Post_ReturnsRedirectOnSuccess_WithoutReturnUrl" computerName="JIN-PC" duration="00:00:00.0023218" startTime="2011-05-15T18:21:32.2325498+08:00" endTime="2011-05-15T18:21:32.2405502+08:00" testType="13cdc9d9-ddb5-4fa4-a97d-d965ccfc6d4b" outcome="Passed" testListId="8c84fa94-04c1-424b-9868-57a2d4851a1d" relativeResultsDirectory="cd1ca340-b0be-4511-b99e-8521d53cfdff">
    </UnitTestResult>
    <UnitTestResult executionId="acf7fb8f-dda3-4349-af15-235019ee2310" testId="03b5dce2-b629-0795-09cd-2c6099ee33a2" testName="LogOn_Post_ReturnsRedirectOnSuccess_WithLocalReturnUrl" computerName="JIN-PC" duration="00:00:00.0006308" startTime="2011-05-15T18:21:32.2435504+08:00" endTime="2011-05-15T18:21:32.2495507+08:00" testType="13cdc9d9-ddb5-4fa4-a97d-d965ccfc6d4b" outcome="Passed" testListId="8c84fa94-04c1-424b-9868-57a2d4851a1d" relativeResultsDirectory="acf7fb8f-dda3-4349-af15-235019ee2310">
    </UnitTestResult>
    <UnitTestResult executionId="ab80a47b-e2d9-4131-950b-3c3ddd17529f" testId="b41ea179-d4cf-d4af-a169-03ed095b4585" testName="LogOn_Post_ReturnsRedirectToHomeOnSuccess_WithExternalReturnUrl" computerName="JIN-PC" duration="00:00:00.0005841" startTime="2011-05-15T18:21:32.2545510+08:00" endTime="2011-05-15T18:21:32.2615514+08:00" testType="13cdc9d9-ddb5-4fa4-a97d-d965ccfc6d4b" outcome="Passed" testListId="8c84fa94-04c1-424b-9868-57a2d4851a1d" relativeResultsDirectory="ab80a47b-e2d9-4131-950b-3c3ddd17529f">
    </UnitTestResult>
    <UnitTestResult executionId="c968796c-3662-479e-95ad-5707cb06dbe2" testId="3ca350b5-3367-a6b3-7497-118a93738020" testName="LogOn_Post_ReturnsViewIfModelStateIsInvalid" computerName="JIN-PC" duration="00:00:00.0004479" startTime="2011-05-15T18:21:32.2645516+08:00" endTime="2011-05-15T18:21:32.2685518+08:00" testType="13cdc9d9-ddb5-4fa4-a97d-d965ccfc6d4b" outcome="Passed" testListId="8c84fa94-04c1-424b-9868-57a2d4851a1d" relativeResultsDirectory="c968796c-3662-479e-95ad-5707cb06dbe2">
    </UnitTestResult>
    <UnitTestResult executionId="d1e29bbe-5bea-46db-a709-aad2d70e32ff" testId="d27d6701-395e-e1b2-068d-f4d8fa147db3" testName="LogOn_Post_ReturnsViewIfValidateUserFails" computerName="JIN-PC" duration="00:00:00.0005207" startTime="2011-05-15T18:21:32.2745522+08:00" endTime="2011-05-15T18:21:32.2785524+08:00" testType="13cdc9d9-ddb5-4fa4-a97d-d965ccfc6d4b" outcome="Passed" testListId="8c84fa94-04c1-424b-9868-57a2d4851a1d" relativeResultsDirectory="d1e29bbe-5bea-46db-a709-aad2d70e32ff">
    </UnitTestResult>
    <UnitTestResult executionId="c1f17c47-1d45-475c-8a38-1b8914bc9b44" testId="3bd78902-4666-275a-79fe-515f59371076" testName="Register_Get_ReturnsView" computerName="JIN-PC" duration="00:00:00.0022737" startTime="2011-05-15T18:21:32.2825526+08:00" endTime="2011-05-15T18:21:32.2885530+08:00" testType="13cdc9d9-ddb5-4fa4-a97d-d965ccfc6d4b" outcome="Passed" testListId="8c84fa94-04c1-424b-9868-57a2d4851a1d" relativeResultsDirectory="c1f17c47-1d45-475c-8a38-1b8914bc9b44">
    </UnitTestResult>
    <UnitTestResult executionId="5f52f50c-acdd-45b4-b072-5e6e5001256e" testId="f2853f48-bd65-b1f5-5f39-0e6bcd7f5aa2" testName="Register_Post_ReturnsRedirectOnSuccess" computerName="JIN-PC" duration="00:00:00.0020292" startTime="2011-05-15T18:21:32.2925532+08:00" endTime="2011-05-15T18:21:32.2985535+08:00" testType="13cdc9d9-ddb5-4fa4-a97d-d965ccfc6d4b" outcome="Passed" testListId="8c84fa94-04c1-424b-9868-57a2d4851a1d" relativeResultsDirectory="5f52f50c-acdd-45b4-b072-5e6e5001256e">
    </UnitTestResult>
    <UnitTestResult executionId="3a16486b-0e0d-4743-8f0b-6e54c53e226f" testId="2d5bac03-8fa4-616f-e3e4-f553a9368aec" testName="Register_Post_ReturnsViewIfRegistrationFails" computerName="JIN-PC" duration="00:00:00.0021590" startTime="2011-05-15T18:21:32.3015537+08:00" endTime="2011-05-15T18:21:32.3075541+08:00" testType="13cdc9d9-ddb5-4fa4-a97d-d965ccfc6d4b" outcome="Passed" testListId="8c84fa94-04c1-424b-9868-57a2d4851a1d" relativeResultsDirectory="3a16486b-0e0d-4743-8f0b-6e54c53e226f">
    </UnitTestResult>
    <UnitTestResult executionId="9d18b7f6-a1cc-4f74-80e7-7e67e19b4e4f" testId="c1ccba7f-14e9-ef74-5a26-b6ae986d4370" testName="Register_Post_ReturnsViewIfModelStateIsInvalid" computerName="JIN-PC" duration="00:00:00.0005510" startTime="2011-05-15T18:21:32.3115543+08:00" endTime="2011-05-15T18:21:32.3155545+08:00" testType="13cdc9d9-ddb5-4fa4-a97d-d965ccfc6d4b" outcome="Passed" testListId="8c84fa94-04c1-424b-9868-57a2d4851a1d" relativeResultsDirectory="9d18b7f6-a1cc-4f74-80e7-7e67e19b4e4f">
    </UnitTestResult>
    <UnitTestResult executionId="d09c6830-6ec6-448e-a42a-ad90ae1b2aa3" testId="c0f0d6e0-c181-8eb6-9a36-950751c100d2" testName="Index" computerName="JIN-PC" duration="00:00:00.0175524" startTime="2011-05-15T18:21:32.3195547+08:00" endTime="2011-05-15T18:21:32.3415560+08:00" testType="13cdc9d9-ddb5-4fa4-a97d-d965ccfc6d4b" outcome="Passed" testListId="8c84fa94-04c1-424b-9868-57a2d4851a1d" relativeResultsDirectory="d09c6830-6ec6-448e-a42a-ad90ae1b2aa3">
    </UnitTestResult>
    <UnitTestResult executionId="c7685f0e-fb91-4828-b403-c3f2a1e89fa7" testId="c7f0f505-82bb-c6f8-a754-b13dc3616d46" testName="About" computerName="JIN-PC" duration="00:00:00.0003298" startTime="2011-05-15T18:21:32.3445562+08:00" endTime="2011-05-15T18:21:32.3495565+08:00" testType="13cdc9d9-ddb5-4fa4-a97d-d965ccfc6d4b" outcome="Passed" testListId="8c84fa94-04c1-424b-9868-57a2d4851a1d" relativeResultsDirectory="c7685f0e-fb91-4828-b403-c3f2a1e89fa7">
    </UnitTestResult>
  </Results>
</TestRun>