<?xml version="1.0" encoding="UTF-8"?>
<TestRun id="290ffdac-0b58-4c76-ac6b-5d67f37a8344" name="zicjin@ZICJIN-PC 2011-04-28 10:38:23" runUser="zicjin-PC\zicjin" xmlns="http://microsoft.com/schemas/VisualStudio/TeamTest/2010">
  <TestSettings name="默认测试设置" id="a5a6257c-ee26-4d62-b248-f71596ebc460">
    <Deployment runDeploymentRoot="zicjin_ZICJIN-PC 2011-04-28 10_38_23">
      <DeploymentItem filename="E:\Work\front\front\bin\front.dll" />
    </Deployment>
    <Execution>
      <TestTypeSpecific />
      <AgentRule name="Execution Agents">
      </AgentRule>
    </Execution>
  </TestSettings>
  <Times creation="2011-04-28T10:38:23.4130176+08:00" queuing="2011-04-28T10:38:23.5670264+08:00" start="2011-04-28T10:38:23.5800271+08:00" finish="2011-04-28T10:38:24.2400649+08:00" />
  <ResultSummary outcome="Completed">
    <Counters total="18" executed="18" passed="18" error="0" failed="0" timeout="0" aborted="0" inconclusive="0" passedButRunAborted="0" notRunnable="0" notExecuted="0" disconnected="0" warning="0" completed="0" inProgress="0" pending="0" />
  </ResultSummary>
  <TestDefinitions>
    <UnitTest name="Register_Post_ReturnsViewIfModelStateIsInvalid" storage="e:\work\front\front.tests\bin\debug\front.tests.dll" id="c1ccba7f-14e9-ef74-5a26-b6ae986d4370">
      <Execution id="342a3d69-e277-45a8-b720-b42b6142e398" />
      <TestMethod codeBase="E:/Work/front/front.Tests/bin/Debug/front.Tests.DLL" adapterTypeName="Microsoft.VisualStudio.TestTools.TestTypes.Unit.UnitTestAdapter, Microsoft.VisualStudio.QualityTools.Tips.UnitTest.Adapter, Version=10.0.0.0, Culture=neutral, PublicKeyToken=b03f5f7f11d50a3a" className="front.Tests.Controllers.AccountControllerTest, front.Tests, Version=1.0.0.0, Culture=neutral, PublicKeyToken=null" name="Register_Post_ReturnsViewIfModelStateIsInvalid" />
    </UnitTest>
    <UnitTest name="ChangePassword_Post_ReturnsViewIfModelStateIsInvalid" storage="e:\work\front\front.tests\bin\debug\front.tests.dll" id="d130e03e-2b48-21cf-59b2-b4ccd68913c0">
      <Execution id="a6f43f16-666f-42fc-851c-9507990ce00b" />
      <TestMethod codeBase="E:/Work/front/front.Tests/bin/Debug/front.Tests.DLL" adapterTypeName="Microsoft.VisualStudio.TestTools.TestTypes.Unit.UnitTestAdapter, Microsoft.VisualStudio.QualityTools.Tips.UnitTest.Adapter, Version=10.0.0.0, Culture=neutral, PublicKeyToken=b03f5f7f11d50a3a" className="front.Tests.Controllers.AccountControllerTest, front.Tests, Version=1.0.0.0, Culture=neutral, PublicKeyToken=null" name="ChangePassword_Post_ReturnsViewIfModelStateIsInvalid" />
    </UnitTest>
    <UnitTest name="LogOn_Post_ReturnsViewIfModelStateIsInvalid" storage="e:\work\front\front.tests\bin\debug\front.tests.dll" id="3ca350b5-3367-a6b3-7497-118a93738020">
      <Execution id="05a5265b-1a87-4593-bb9a-6c29bb2618a4" />
      <TestMethod codeBase="E:/Work/front/front.Tests/bin/Debug/front.Tests.DLL" adapterTypeName="Microsoft.VisualStudio.TestTools.TestTypes.Unit.UnitTestAdapter, Microsoft.VisualStudio.QualityTools.Tips.UnitTest.Adapter, Version=10.0.0.0, Culture=neutral, PublicKeyToken=b03f5f7f11d50a3a" className="front.Tests.Controllers.AccountControllerTest, front.Tests, Version=1.0.0.0, Culture=neutral, PublicKeyToken=null" name="LogOn_Post_ReturnsViewIfModelStateIsInvalid" />
    </UnitTest>
    <UnitTest name="LogOn_Get_ReturnsView" storage="e:\work\front\front.tests\bin\debug\front.tests.dll" id="3822f62c-e512-a3cc-5ea0-57b37281ab41">
      <Execution id="14a371c5-09a6-4db7-b240-3f28f5cb4194" />
      <TestMethod codeBase="E:/Work/front/front.Tests/bin/Debug/front.Tests.DLL" adapterTypeName="Microsoft.VisualStudio.TestTools.TestTypes.Unit.UnitTestAdapter, Microsoft.VisualStudio.QualityTools.Tips.UnitTest.Adapter, Version=10.0.0.0, Culture=neutral, PublicKeyToken=b03f5f7f11d50a3a" className="front.Tests.Controllers.AccountControllerTest, front.Tests, Version=1.0.0.0, Culture=neutral, PublicKeyToken=null" name="LogOn_Get_ReturnsView" />
    </UnitTest>
    <UnitTest name="LogOff_LogsOutAndRedirects" storage="e:\work\front\front.tests\bin\debug\front.tests.dll" id="553553e7-a922-03b2-18f7-03c30a441029">
      <Execution id="d99528cd-41bd-4cae-9484-a7a109b8626e" />
      <TestMethod codeBase="E:/Work/front/front.Tests/bin/Debug/front.Tests.DLL" adapterTypeName="Microsoft.VisualStudio.TestTools.TestTypes.Unit.UnitTestAdapter, Microsoft.VisualStudio.QualityTools.Tips.UnitTest.Adapter, Version=10.0.0.0, Culture=neutral, PublicKeyToken=b03f5f7f11d50a3a" className="front.Tests.Controllers.AccountControllerTest, front.Tests, Version=1.0.0.0, Culture=neutral, PublicKeyToken=null" name="LogOff_LogsOutAndRedirects" />
    </UnitTest>
    <UnitTest name="LogOn_Post_ReturnsRedirectOnSuccess_WithLocalReturnUrl" storage="e:\work\front\front.tests\bin\debug\front.tests.dll" id="03b5dce2-b629-0795-09cd-2c6099ee33a2">
      <Execution id="df7c9eb4-5c2a-426c-81f9-137150a70851" />
      <TestMethod codeBase="E:/Work/front/front.Tests/bin/Debug/front.Tests.DLL" adapterTypeName="Microsoft.VisualStudio.TestTools.TestTypes.Unit.UnitTestAdapter, Microsoft.VisualStudio.QualityTools.Tips.UnitTest.Adapter, Version=10.0.0.0, Culture=neutral, PublicKeyToken=b03f5f7f11d50a3a" className="front.Tests.Controllers.AccountControllerTest, front.Tests, Version=1.0.0.0, Culture=neutral, PublicKeyToken=null" name="LogOn_Post_ReturnsRedirectOnSuccess_WithLocalReturnUrl" />
    </UnitTest>
    <UnitTest name="About" storage="e:\work\front\front.tests\bin\debug\front.tests.dll" id="c7f0f505-82bb-c6f8-a754-b13dc3616d46">
      <Execution id="a87ff97b-5978-4dde-812c-0ec60d6b77f4" />
      <TestMethod codeBase="E:/Work/front/front.Tests/bin/Debug/front.Tests.DLL" adapterTypeName="Microsoft.VisualStudio.TestTools.TestTypes.Unit.UnitTestAdapter, Microsoft.VisualStudio.QualityTools.Tips.UnitTest.Adapter, Version=10.0.0.0, Culture=neutral, PublicKeyToken=b03f5f7f11d50a3a" className="front.Tests.Controllers.HomeControllerTest, front.Tests, Version=1.0.0.0, Culture=neutral, PublicKeyToken=null" name="About" />
    </UnitTest>
    <UnitTest name="Register_Post_ReturnsViewIfRegistrationFails" storage="e:\work\front\front.tests\bin\debug\front.tests.dll" id="2d5bac03-8fa4-616f-e3e4-f553a9368aec">
      <Execution id="738105b1-6dbc-4d9e-9027-0bb5eb82b6e6" />
      <TestMethod codeBase="E:/Work/front/front.Tests/bin/Debug/front.Tests.DLL" adapterTypeName="Microsoft.VisualStudio.TestTools.TestTypes.Unit.UnitTestAdapter, Microsoft.VisualStudio.QualityTools.Tips.UnitTest.Adapter, Version=10.0.0.0, Culture=neutral, PublicKeyToken=b03f5f7f11d50a3a" className="front.Tests.Controllers.AccountControllerTest, front.Tests, Version=1.0.0.0, Culture=neutral, PublicKeyToken=null" name="Register_Post_ReturnsViewIfRegistrationFails" />
    </UnitTest>
    <UnitTest name="Register_Post_ReturnsRedirectOnSuccess" storage="e:\work\front\front.tests\bin\debug\front.tests.dll" id="f2853f48-bd65-b1f5-5f39-0e6bcd7f5aa2">
      <Execution id="bccd7b49-e3ea-4f0c-bca2-a28890ec3d0a" />
      <TestMethod codeBase="E:/Work/front/front.Tests/bin/Debug/front.Tests.DLL" adapterTypeName="Microsoft.VisualStudio.TestTools.TestTypes.Unit.UnitTestAdapter, Microsoft.VisualStudio.QualityTools.Tips.UnitTest.Adapter, Version=10.0.0.0, Culture=neutral, PublicKeyToken=b03f5f7f11d50a3a" className="front.Tests.Controllers.AccountControllerTest, front.Tests, Version=1.0.0.0, Culture=neutral, PublicKeyToken=null" name="Register_Post_ReturnsRedirectOnSuccess" />
    </UnitTest>
    <UnitTest name="LogOn_Post_ReturnsRedirectToHomeOnSuccess_WithExternalReturnUrl" storage="e:\work\front\front.tests\bin\debug\front.tests.dll" id="b41ea179-d4cf-d4af-a169-03ed095b4585">
      <Execution id="1bc75588-4e53-458e-81aa-962139215476" />
      <TestMethod codeBase="E:/Work/front/front.Tests/bin/Debug/front.Tests.DLL" adapterTypeName="Microsoft.VisualStudio.TestTools.TestTypes.Unit.UnitTestAdapter, Microsoft.VisualStudio.QualityTools.Tips.UnitTest.Adapter, Version=10.0.0.0, Culture=neutral, PublicKeyToken=b03f5f7f11d50a3a" className="front.Tests.Controllers.AccountControllerTest, front.Tests, Version=1.0.0.0, Culture=neutral, PublicKeyToken=null" name="LogOn_Post_ReturnsRedirectToHomeOnSuccess_WithExternalReturnUrl" />
    </UnitTest>
    <UnitTest name="Index" storage="e:\work\front\front.tests\bin\debug\front.tests.dll" id="c0f0d6e0-c181-8eb6-9a36-950751c100d2">
      <Execution id="3c977c6f-688e-4660-9bab-fb3e2e129fbe" />
      <TestMethod codeBase="E:/Work/front/front.Tests/bin/Debug/front.Tests.DLL" adapterTypeName="Microsoft.VisualStudio.TestTools.TestTypes.Unit.UnitTestAdapter, Microsoft.VisualStudio.QualityTools.Tips.UnitTest.Adapter, Version=10.0.0.0, Culture=neutral, PublicKeyToken=b03f5f7f11d50a3a" className="front.Tests.Controllers.HomeControllerTest, front.Tests, Version=1.0.0.0, Culture=neutral, PublicKeyToken=null" name="Index" />
    </UnitTest>
    <UnitTest name="ChangePassword_Get_ReturnsView" storage="e:\work\front\front.tests\bin\debug\front.tests.dll" id="dbe6b432-1bf0-f831-5db0-30fa7bef9eb0">
      <Execution id="d1cb716f-2a96-4bc9-b04c-fd4849a2d449" />
      <TestMethod codeBase="E:/Work/front/front.Tests/bin/Debug/front.Tests.DLL" adapterTypeName="Microsoft.VisualStudio.TestTools.TestTypes.Unit.UnitTestAdapter, Microsoft.VisualStudio.QualityTools.Tips.UnitTest.Adapter, Version=10.0.0.0, Culture=neutral, PublicKeyToken=b03f5f7f11d50a3a" className="front.Tests.Controllers.AccountControllerTest, front.Tests, Version=1.0.0.0, Culture=neutral, PublicKeyToken=null" name="ChangePassword_Get_ReturnsView" />
    </UnitTest>
    <UnitTest name="LogOn_Post_ReturnsRedirectOnSuccess_WithoutReturnUrl" storage="e:\work\front\front.tests\bin\debug\front.tests.dll" id="4c229974-b6eb-03fb-5509-c34854e5b3f1">
      <Execution id="a62c2034-f7a5-4832-9113-126520448d59" />
      <TestMethod codeBase="E:/Work/front/front.Tests/bin/Debug/front.Tests.DLL" adapterTypeName="Microsoft.VisualStudio.TestTools.TestTypes.Unit.UnitTestAdapter, Microsoft.VisualStudio.QualityTools.Tips.UnitTest.Adapter, Version=10.0.0.0, Culture=neutral, PublicKeyToken=b03f5f7f11d50a3a" className="front.Tests.Controllers.AccountControllerTest, front.Tests, Version=1.0.0.0, Culture=neutral, PublicKeyToken=null" name="LogOn_Post_ReturnsRedirectOnSuccess_WithoutReturnUrl" />
    </UnitTest>
    <UnitTest name="ChangePassword_Post_ReturnsRedirectOnSuccess" storage="e:\work\front\front.tests\bin\debug\front.tests.dll" id="fa39214a-9535-5d55-2ca7-fd532a75e250">
      <Execution id="189d227f-2177-4826-8feb-599b0420c0d3" />
      <TestMethod codeBase="E:/Work/front/front.Tests/bin/Debug/front.Tests.DLL" adapterTypeName="Microsoft.VisualStudio.TestTools.TestTypes.Unit.UnitTestAdapter, Microsoft.VisualStudio.QualityTools.Tips.UnitTest.Adapter, Version=10.0.0.0, Culture=neutral, PublicKeyToken=b03f5f7f11d50a3a" className="front.Tests.Controllers.AccountControllerTest, front.Tests, Version=1.0.0.0, Culture=neutral, PublicKeyToken=null" name="ChangePassword_Post_ReturnsRedirectOnSuccess" />
    </UnitTest>
    <UnitTest name="ChangePassword_Post_ReturnsViewIfChangePasswordFails" storage="e:\work\front\front.tests\bin\debug\front.tests.dll" id="4288f9eb-08a1-e489-90ee-f9db27c750e8">
      <Execution id="399ffe74-8628-446b-aebf-2fdcf0c45947" />
      <TestMethod codeBase="E:/Work/front/front.Tests/bin/Debug/front.Tests.DLL" adapterTypeName="Microsoft.VisualStudio.TestTools.TestTypes.Unit.UnitTestAdapter, Microsoft.VisualStudio.QualityTools.Tips.UnitTest.Adapter, Version=10.0.0.0, Culture=neutral, PublicKeyToken=b03f5f7f11d50a3a" className="front.Tests.Controllers.AccountControllerTest, front.Tests, Version=1.0.0.0, Culture=neutral, PublicKeyToken=null" name="ChangePassword_Post_ReturnsViewIfChangePasswordFails" />
    </UnitTest>
    <UnitTest name="ChangePasswordSuccess_ReturnsView" storage="e:\work\front\front.tests\bin\debug\front.tests.dll" id="d8af1da6-c45c-f572-47b7-7445b549dbce">
      <Execution id="30c19871-9974-4aa7-9716-b431b742ef0c" />
      <TestMethod codeBase="E:/Work/front/front.Tests/bin/Debug/front.Tests.DLL" adapterTypeName="Microsoft.VisualStudio.TestTools.TestTypes.Unit.UnitTestAdapter, Microsoft.VisualStudio.QualityTools.Tips.UnitTest.Adapter, Version=10.0.0.0, Culture=neutral, PublicKeyToken=b03f5f7f11d50a3a" className="front.Tests.Controllers.AccountControllerTest, front.Tests, Version=1.0.0.0, Culture=neutral, PublicKeyToken=null" name="ChangePasswordSuccess_ReturnsView" />
    </UnitTest>
    <UnitTest name="Register_Get_ReturnsView" storage="e:\work\front\front.tests\bin\debug\front.tests.dll" id="3bd78902-4666-275a-79fe-515f59371076">
      <Execution id="8d016717-6d64-4f7c-846b-39c60a126750" />
      <TestMethod codeBase="E:/Work/front/front.Tests/bin/Debug/front.Tests.DLL" adapterTypeName="Microsoft.VisualStudio.TestTools.TestTypes.Unit.UnitTestAdapter, Microsoft.VisualStudio.QualityTools.Tips.UnitTest.Adapter, Version=10.0.0.0, Culture=neutral, PublicKeyToken=b03f5f7f11d50a3a" className="front.Tests.Controllers.AccountControllerTest, front.Tests, Version=1.0.0.0, Culture=neutral, PublicKeyToken=null" name="Register_Get_ReturnsView" />
    </UnitTest>
    <UnitTest name="LogOn_Post_ReturnsViewIfValidateUserFails" storage="e:\work\front\front.tests\bin\debug\front.tests.dll" id="d27d6701-395e-e1b2-068d-f4d8fa147db3">
      <Execution id="a149f059-40ed-40ae-80be-5398fd33afe3" />
      <TestMethod codeBase="E:/Work/front/front.Tests/bin/Debug/front.Tests.DLL" adapterTypeName="Microsoft.VisualStudio.TestTools.TestTypes.Unit.UnitTestAdapter, Microsoft.VisualStudio.QualityTools.Tips.UnitTest.Adapter, Version=10.0.0.0, Culture=neutral, PublicKeyToken=b03f5f7f11d50a3a" className="front.Tests.Controllers.AccountControllerTest, front.Tests, Version=1.0.0.0, Culture=neutral, PublicKeyToken=null" name="LogOn_Post_ReturnsViewIfValidateUserFails" />
    </UnitTest>
  </TestDefinitions>
  <TestLists>
    <TestList name="列表中未列出的结果" id="8c84fa94-04c1-424b-9868-57a2d4851a1d" />
    <TestList name="所有已加载的结果" id="19431567-8539-422a-85d7-44ee4e166bda" />
  </TestLists>
  <TestEntries>
    <TestEntry testId="dbe6b432-1bf0-f831-5db0-30fa7bef9eb0" executionId="d1cb716f-2a96-4bc9-b04c-fd4849a2d449" testListId="8c84fa94-04c1-424b-9868-57a2d4851a1d" />
    <TestEntry testId="fa39214a-9535-5d55-2ca7-fd532a75e250" executionId="189d227f-2177-4826-8feb-599b0420c0d3" testListId="8c84fa94-04c1-424b-9868-57a2d4851a1d" />
    <TestEntry testId="4288f9eb-08a1-e489-90ee-f9db27c750e8" executionId="399ffe74-8628-446b-aebf-2fdcf0c45947" testListId="8c84fa94-04c1-424b-9868-57a2d4851a1d" />
    <TestEntry testId="d130e03e-2b48-21cf-59b2-b4ccd68913c0" executionId="a6f43f16-666f-42fc-851c-9507990ce00b" testListId="8c84fa94-04c1-424b-9868-57a2d4851a1d" />
    <TestEntry testId="d8af1da6-c45c-f572-47b7-7445b549dbce" executionId="30c19871-9974-4aa7-9716-b431b742ef0c" testListId="8c84fa94-04c1-424b-9868-57a2d4851a1d" />
    <TestEntry testId="553553e7-a922-03b2-18f7-03c30a441029" executionId="d99528cd-41bd-4cae-9484-a7a109b8626e" testListId="8c84fa94-04c1-424b-9868-57a2d4851a1d" />
    <TestEntry testId="3822f62c-e512-a3cc-5ea0-57b37281ab41" executionId="14a371c5-09a6-4db7-b240-3f28f5cb4194" testListId="8c84fa94-04c1-424b-9868-57a2d4851a1d" />
    <TestEntry testId="4c229974-b6eb-03fb-5509-c34854e5b3f1" executionId="a62c2034-f7a5-4832-9113-126520448d59" testListId="8c84fa94-04c1-424b-9868-57a2d4851a1d" />
    <TestEntry testId="03b5dce2-b629-0795-09cd-2c6099ee33a2" executionId="df7c9eb4-5c2a-426c-81f9-137150a70851" testListId="8c84fa94-04c1-424b-9868-57a2d4851a1d" />
    <TestEntry testId="b41ea179-d4cf-d4af-a169-03ed095b4585" executionId="1bc75588-4e53-458e-81aa-962139215476" testListId="8c84fa94-04c1-424b-9868-57a2d4851a1d" />
    <TestEntry testId="3ca350b5-3367-a6b3-7497-118a93738020" executionId="05a5265b-1a87-4593-bb9a-6c29bb2618a4" testListId="8c84fa94-04c1-424b-9868-57a2d4851a1d" />
    <TestEntry testId="d27d6701-395e-e1b2-068d-f4d8fa147db3" executionId="a149f059-40ed-40ae-80be-5398fd33afe3" testListId="8c84fa94-04c1-424b-9868-57a2d4851a1d" />
    <TestEntry testId="3bd78902-4666-275a-79fe-515f59371076" executionId="8d016717-6d64-4f7c-846b-39c60a126750" testListId="8c84fa94-04c1-424b-9868-57a2d4851a1d" />
    <TestEntry testId="f2853f48-bd65-b1f5-5f39-0e6bcd7f5aa2" executionId="bccd7b49-e3ea-4f0c-bca2-a28890ec3d0a" testListId="8c84fa94-04c1-424b-9868-57a2d4851a1d" />
    <TestEntry testId="2d5bac03-8fa4-616f-e3e4-f553a9368aec" executionId="738105b1-6dbc-4d9e-9027-0bb5eb82b6e6" testListId="8c84fa94-04c1-424b-9868-57a2d4851a1d" />
    <TestEntry testId="c1ccba7f-14e9-ef74-5a26-b6ae986d4370" executionId="342a3d69-e277-45a8-b720-b42b6142e398" testListId="8c84fa94-04c1-424b-9868-57a2d4851a1d" />
    <TestEntry testId="c0f0d6e0-c181-8eb6-9a36-950751c100d2" executionId="3c977c6f-688e-4660-9bab-fb3e2e129fbe" testListId="8c84fa94-04c1-424b-9868-57a2d4851a1d" />
    <TestEntry testId="c7f0f505-82bb-c6f8-a754-b13dc3616d46" executionId="a87ff97b-5978-4dde-812c-0ec60d6b77f4" testListId="8c84fa94-04c1-424b-9868-57a2d4851a1d" />
  </TestEntries>
  <Results>
    <UnitTestResult executionId="d1cb716f-2a96-4bc9-b04c-fd4849a2d449" testId="dbe6b432-1bf0-f831-5db0-30fa7bef9eb0" testName="ChangePassword_Get_ReturnsView" computerName="ZICJIN-PC" duration="00:00:00.0321697" startTime="2011-04-28T10:38:23.5840274+08:00" endTime="2011-04-28T10:38:23.8930450+08:00" testType="13cdc9d9-ddb5-4fa4-a97d-d965ccfc6d4b" outcome="Passed" testListId="8c84fa94-04c1-424b-9868-57a2d4851a1d" relativeResultsDirectory="d1cb716f-2a96-4bc9-b04c-fd4849a2d449">
    </UnitTestResult>
    <UnitTestResult executionId="189d227f-2177-4826-8feb-599b0420c0d3" testId="fa39214a-9535-5d55-2ca7-fd532a75e250" testName="ChangePassword_Post_ReturnsRedirectOnSuccess" computerName="ZICJIN-PC" duration="00:00:00.0072796" startTime="2011-04-28T10:38:23.9130462+08:00" endTime="2011-04-28T10:38:23.9240468+08:00" testType="13cdc9d9-ddb5-4fa4-a97d-d965ccfc6d4b" outcome="Passed" testListId="8c84fa94-04c1-424b-9868-57a2d4851a1d" relativeResultsDirectory="189d227f-2177-4826-8feb-599b0420c0d3">
    </UnitTestResult>
    <UnitTestResult executionId="399ffe74-8628-446b-aebf-2fdcf0c45947" testId="4288f9eb-08a1-e489-90ee-f9db27c750e8" testName="ChangePassword_Post_ReturnsViewIfChangePasswordFails" computerName="ZICJIN-PC" duration="00:00:00.0081518" startTime="2011-04-28T10:38:23.9280470+08:00" endTime="2011-04-28T10:38:23.9440480+08:00" testType="13cdc9d9-ddb5-4fa4-a97d-d965ccfc6d4b" outcome="Passed" testListId="8c84fa94-04c1-424b-9868-57a2d4851a1d" relativeResultsDirectory="399ffe74-8628-446b-aebf-2fdcf0c45947">
    </UnitTestResult>
    <UnitTestResult executionId="a6f43f16-666f-42fc-851c-9507990ce00b" testId="d130e03e-2b48-21cf-59b2-b4ccd68913c0" testName="ChangePassword_Post_ReturnsViewIfModelStateIsInvalid" computerName="ZICJIN-PC" duration="00:00:00.0004617" startTime="2011-04-28T10:38:23.9490482+08:00" endTime="2011-04-28T10:38:23.9570487+08:00" testType="13cdc9d9-ddb5-4fa4-a97d-d965ccfc6d4b" outcome="Passed" testListId="8c84fa94-04c1-424b-9868-57a2d4851a1d" relativeResultsDirectory="a6f43f16-666f-42fc-851c-9507990ce00b">
    </UnitTestResult>
    <UnitTestResult executionId="30c19871-9974-4aa7-9716-b431b742ef0c" testId="d8af1da6-c45c-f572-47b7-7445b549dbce" testName="ChangePasswordSuccess_ReturnsView" computerName="ZICJIN-PC" duration="00:00:00.0139275" startTime="2011-04-28T10:38:23.9670493+08:00" endTime="2011-04-28T10:38:24.0040514+08:00" testType="13cdc9d9-ddb5-4fa4-a97d-d965ccfc6d4b" outcome="Passed" testListId="8c84fa94-04c1-424b-9868-57a2d4851a1d" relativeResultsDirectory="30c19871-9974-4aa7-9716-b431b742ef0c">
    </UnitTestResult>
    <UnitTestResult executionId="d99528cd-41bd-4cae-9484-a7a109b8626e" testId="553553e7-a922-03b2-18f7-03c30a441029" testName="LogOff_LogsOutAndRedirects" computerName="ZICJIN-PC" duration="00:00:00.0107117" startTime="2011-04-28T10:38:24.0340531+08:00" endTime="2011-04-28T10:38:24.0530542+08:00" testType="13cdc9d9-ddb5-4fa4-a97d-d965ccfc6d4b" outcome="Passed" testListId="8c84fa94-04c1-424b-9868-57a2d4851a1d" relativeResultsDirectory="d99528cd-41bd-4cae-9484-a7a109b8626e">
    </UnitTestResult>
    <UnitTestResult executionId="14a371c5-09a6-4db7-b240-3f28f5cb4194" testId="3822f62c-e512-a3cc-5ea0-57b37281ab41" testName="LogOn_Get_ReturnsView" computerName="ZICJIN-PC" duration="00:00:00.0002891" startTime="2011-04-28T10:38:24.0710552+08:00" endTime="2011-04-28T10:38:24.0880562+08:00" testType="13cdc9d9-ddb5-4fa4-a97d-d965ccfc6d4b" outcome="Passed" testListId="8c84fa94-04c1-424b-9868-57a2d4851a1d" relativeResultsDirectory="14a371c5-09a6-4db7-b240-3f28f5cb4194">
    </UnitTestResult>
    <UnitTestResult executionId="a62c2034-f7a5-4832-9113-126520448d59" testId="4c229974-b6eb-03fb-5509-c34854e5b3f1" testName="LogOn_Post_ReturnsRedirectOnSuccess_WithoutReturnUrl" computerName="ZICJIN-PC" duration="00:00:00.0014233" startTime="2011-04-28T10:38:24.0930565+08:00" endTime="2011-04-28T10:38:24.1070573+08:00" testType="13cdc9d9-ddb5-4fa4-a97d-d965ccfc6d4b" outcome="Passed" testListId="8c84fa94-04c1-424b-9868-57a2d4851a1d" relativeResultsDirectory="a62c2034-f7a5-4832-9113-126520448d59">
    </UnitTestResult>
    <UnitTestResult executionId="df7c9eb4-5c2a-426c-81f9-137150a70851" testId="03b5dce2-b629-0795-09cd-2c6099ee33a2" testName="LogOn_Post_ReturnsRedirectOnSuccess_WithLocalReturnUrl" computerName="ZICJIN-PC" duration="00:00:00.0004247" startTime="2011-04-28T10:38:24.1110575+08:00" endTime="2011-04-28T10:38:24.1210581+08:00" testType="13cdc9d9-ddb5-4fa4-a97d-d965ccfc6d4b" outcome="Passed" testListId="8c84fa94-04c1-424b-9868-57a2d4851a1d" relativeResultsDirectory="df7c9eb4-5c2a-426c-81f9-137150a70851">
    </UnitTestResult>
    <UnitTestResult executionId="1bc75588-4e53-458e-81aa-962139215476" testId="b41ea179-d4cf-d4af-a169-03ed095b4585" testName="LogOn_Post_ReturnsRedirectToHomeOnSuccess_WithExternalReturnUrl" computerName="ZICJIN-PC" duration="00:00:00.0004454" startTime="2011-04-28T10:38:24.1250583+08:00" endTime="2011-04-28T10:38:24.1290585+08:00" testType="13cdc9d9-ddb5-4fa4-a97d-d965ccfc6d4b" outcome="Passed" testListId="8c84fa94-04c1-424b-9868-57a2d4851a1d" relativeResultsDirectory="1bc75588-4e53-458e-81aa-962139215476">
    </UnitTestResult>
    <UnitTestResult executionId="05a5265b-1a87-4593-bb9a-6c29bb2618a4" testId="3ca350b5-3367-a6b3-7497-118a93738020" testName="LogOn_Post_ReturnsViewIfModelStateIsInvalid" computerName="ZICJIN-PC" duration="00:00:00.0005341" startTime="2011-04-28T10:38:24.1330588+08:00" endTime="2011-04-28T10:38:24.1370590+08:00" testType="13cdc9d9-ddb5-4fa4-a97d-d965ccfc6d4b" outcome="Passed" testListId="8c84fa94-04c1-424b-9868-57a2d4851a1d" relativeResultsDirectory="05a5265b-1a87-4593-bb9a-6c29bb2618a4">
    </UnitTestResult>
    <UnitTestResult executionId="a149f059-40ed-40ae-80be-5398fd33afe3" testId="d27d6701-395e-e1b2-068d-f4d8fa147db3" testName="LogOn_Post_ReturnsViewIfValidateUserFails" computerName="ZICJIN-PC" duration="00:00:00.0018351" startTime="2011-04-28T10:38:24.1400592+08:00" endTime="2011-04-28T10:38:24.1460595+08:00" testType="13cdc9d9-ddb5-4fa4-a97d-d965ccfc6d4b" outcome="Passed" testListId="8c84fa94-04c1-424b-9868-57a2d4851a1d" relativeResultsDirectory="a149f059-40ed-40ae-80be-5398fd33afe3">
    </UnitTestResult>
    <UnitTestResult executionId="8d016717-6d64-4f7c-846b-39c60a126750" testId="3bd78902-4666-275a-79fe-515f59371076" testName="Register_Get_ReturnsView" computerName="ZICJIN-PC" duration="00:00:00.0019700" startTime="2011-04-28T10:38:24.1490597+08:00" endTime="2011-04-28T10:38:24.1550600+08:00" testType="13cdc9d9-ddb5-4fa4-a97d-d965ccfc6d4b" outcome="Passed" testListId="8c84fa94-04c1-424b-9868-57a2d4851a1d" relativeResultsDirectory="8d016717-6d64-4f7c-846b-39c60a126750">
    </UnitTestResult>
    <UnitTestResult executionId="bccd7b49-e3ea-4f0c-bca2-a28890ec3d0a" testId="f2853f48-bd65-b1f5-5f39-0e6bcd7f5aa2" testName="Register_Post_ReturnsRedirectOnSuccess" computerName="ZICJIN-PC" duration="00:00:00.0017995" startTime="2011-04-28T10:38:24.1590602+08:00" endTime="2011-04-28T10:38:24.1650606+08:00" testType="13cdc9d9-ddb5-4fa4-a97d-d965ccfc6d4b" outcome="Passed" testListId="8c84fa94-04c1-424b-9868-57a2d4851a1d" relativeResultsDirectory="bccd7b49-e3ea-4f0c-bca2-a28890ec3d0a">
    </UnitTestResult>
    <UnitTestResult executionId="738105b1-6dbc-4d9e-9027-0bb5eb82b6e6" testId="2d5bac03-8fa4-616f-e3e4-f553a9368aec" testName="Register_Post_ReturnsViewIfRegistrationFails" computerName="ZICJIN-PC" duration="00:00:00.0031100" startTime="2011-04-28T10:38:24.1680608+08:00" endTime="2011-04-28T10:38:24.1740611+08:00" testType="13cdc9d9-ddb5-4fa4-a97d-d965ccfc6d4b" outcome="Passed" testListId="8c84fa94-04c1-424b-9868-57a2d4851a1d" relativeResultsDirectory="738105b1-6dbc-4d9e-9027-0bb5eb82b6e6">
    </UnitTestResult>
    <UnitTestResult executionId="342a3d69-e277-45a8-b720-b42b6142e398" testId="c1ccba7f-14e9-ef74-5a26-b6ae986d4370" testName="Register_Post_ReturnsViewIfModelStateIsInvalid" computerName="ZICJIN-PC" duration="00:00:00.0004780" startTime="2011-04-28T10:38:24.1780613+08:00" endTime="2011-04-28T10:38:24.1820616+08:00" testType="13cdc9d9-ddb5-4fa4-a97d-d965ccfc6d4b" outcome="Passed" testListId="8c84fa94-04c1-424b-9868-57a2d4851a1d" relativeResultsDirectory="342a3d69-e277-45a8-b720-b42b6142e398">
    </UnitTestResult>
    <UnitTestResult executionId="3c977c6f-688e-4660-9bab-fb3e2e129fbe" testId="c0f0d6e0-c181-8eb6-9a36-950751c100d2" testName="Index" computerName="ZICJIN-PC" duration="00:00:00.0155333" startTime="2011-04-28T10:38:24.1870619+08:00" endTime="2011-04-28T10:38:24.2090631+08:00" testType="13cdc9d9-ddb5-4fa4-a97d-d965ccfc6d4b" outcome="Passed" testListId="8c84fa94-04c1-424b-9868-57a2d4851a1d" relativeResultsDirectory="3c977c6f-688e-4660-9bab-fb3e2e129fbe">
    </UnitTestResult>
    <UnitTestResult executionId="a87ff97b-5978-4dde-812c-0ec60d6b77f4" testId="c7f0f505-82bb-c6f8-a754-b13dc3616d46" testName="About" computerName="ZICJIN-PC" duration="00:00:00.0002697" startTime="2011-04-28T10:38:24.2130633+08:00" endTime="2011-04-28T10:38:24.2180636+08:00" testType="13cdc9d9-ddb5-4fa4-a97d-d965ccfc6d4b" outcome="Passed" testListId="8c84fa94-04c1-424b-9868-57a2d4851a1d" relativeResultsDirectory="a87ff97b-5978-4dde-812c-0ec60d6b77f4">
    </UnitTestResult>
  </Results>
</TestRun>